{"timestamp": "2026-07-24T22:19:45.182432", "file_path": "pyproject.toml", "action": "generate", "success": true, "error": null}
{"timestamp": "2026-07-24T22:19:50.551681", "file_path": "requirements.txt", "action": "generate", "success": true, "error": null}
{"timestamp": "2026-07-24T22:20:13.960082", "file_path": "src/core/config.py", "action": "generate", "success": true, "error": null}
{"timestamp": "2026-07-24T22:20:26.229363", "file_path": "src/core/database.py", "action": "generate", "success": true, "error": null}
{"timestamp": "2026-07-24T22:20:33.100266", "file_path": "src/models/task.py", "action": "generate", "success": true, "error": null}
{"timestamp": "2026-07-24T22:20:42.462142", "file_path": "src/schemas/task.py", "action": "generate", "success": true, "error": null}
{"timestamp": "2026-07-24T22:21:28.354594", "file_path": "src/services/task_service.py", "action": "generate", "success": true, "error": null}
{"timestamp": "2026-07-24T22:22:09.047732", "file_path": "src/api/routes/task_routes.py", "action": "generate", "success": true, "error": null}
{"timestamp": "2026-07-24T22:22:34.738152", "file_path": "src/api/routes/ui_routes.py", "action": "generate", "success": true, "error": null}
{"timestamp": "2026-07-24T22:25:25.956672", "file_path": "requirements.txt", "action": "generate", "success": true, "error": null}
{"timestamp": "2026-07-24T22:25:43.941099", "file_path": "app/core/config.py", "action": "generate", "success": true, "error": null}
{"timestamp": "2026-07-24T22:26:00.709373", "file_path": "app/core/database.py", "action": "generate", "success": true, "error": null}
{"timestamp": "2026-07-24T22:26:07.573144", "file_path": "app/models/task.py", "action": "generate", "success": true, "error": null}
{"timestamp": "2026-07-24T22:26:25.328915", "file_path": "app/schemas/task.py", "action": "generate", "success": true, "error": null}
{"timestamp": "2026-07-24T22:26:52.861122", "file_path": "app/repositories/task_repository.py", "action": "generate", "success": true, "error": null}
{"timestamp": "2026-07-24T22:27:29.268993", "file_path": "app/services/task_service.py", "action": "generate", "success": true, "error": null}
{"timestamp": "2026-07-24T22:28:00.029487", "file_path": "app/api/routes.py", "action": "generate", "success": true, "error": null}
{"timestamp": "2026-07-24T22:29:18.268456", "file_path": "app/templates/index.html", "action": "generate", "success": true, "error": null}
{"timestamp": "2026-07-24T22:31:51.034629", "file_path": "app/static/style.css", "action": "generate", "success": true, "error": null}
{"timestamp": "2026-07-24T22:32:04.977898", "file_path": "main.py", "action": "generate", "success": true, "error": null}
{"timestamp": "2026-07-24T22:32:16.172667", "file_path": "alembic/env.py", "action": "generate", "success": true, "error": null}
{"timestamp": "2026-07-24T22:33:44.257504", "file_path": "tests/test_api.py", "action": "generate", "success": true, "error": null}
